Core/Inc/queue.h:24:45: warning: value computed is not used [-Wunused-value]
Core/Inc/queue.h:24:45: warning: value computed is not used [-Wunused-value]
Core/Src/ads131m04.c:27:14: warning: variable 'temp' set but not used [-Wunused-but-set-variable]
Core/Src/ads131m04_config.c:110:18: warning: variable 'value' set but not used [-Wunused-but-set-variable]
Core/Src/cli.c:1218:29: warning: unused variable 'reg_prot' [-Wunused-variable]
Core/Src/cli.c:1220:31: warning: unused variable 'reg_status' [-Wunused-variable]
Core/Src/cli.c:835:18: warning: unused variable 'pin' [-Wunused-variable]
Core/Src/cli.c:849:25: warning: unused variable 'value' [-Wunused-variable]
Core/Src/cli.c:879:60: warning: format '%ld' expects argument of type 'long int', but argument 2 has type 'int64_t' {aka 'long long int'} [-Wformat=]
Core/Src/ctrl_PID_control.c:15:23: warning: unused parameter 'kd' [-Wunused-parameter]
Core/Src/ctrl_PID_control.c:46:40: warning: unused parameter 'data_in_D' [-Wunused-parameter]
Core/Src/ctrl_main.c:289:9: warning: unused variable 'duty' [-Wunused-variable]
Core/Src/ctrl_main.c:315:9: warning: unused variable 'duty' [-Wunused-variable]
Core/Src/ctrl_main.c:432:17: warning: unused variable 'duty' [-Wunused-variable]
Core/Src/error.c:42:29: warning: unused parameter 'code' [-Wunused-parameter]
Core/Src/error.c:42:44: warning: unused parameter 'time' [-Wunused-parameter]
Core/Src/error.c:42:59: warning: unused parameter 'date' [-Wunused-parameter]
Core/Src/error.c:42:74: warning: unused parameter 'data' [-Wunused-parameter]
Core/Src/error.c:91:20: warning: unused variable 'e' [-Wunused-variable]
Core/Src/error.c:92:18: warning: unused variable 'error' [-Wunused-variable]
Core/Src/i2c.c:113:93: warning: unused parameter 'wait' [-Wunused-parameter]
Core/Src/i2c.c:143:56: warning: unused parameter 'hi2c' [-Wunused-parameter]
Core/Src/i2c.c:153:56: warning: unused parameter 'hi2c' [-Wunused-parameter]
Core/Src/i2c.c:159:49: warning: unused parameter 'hi2c' [-Wunused-parameter]
Core/Src/lp581x.c:26:45: warning: passing argument 2 of 'i2c_WriteBlocking' discards 'const' qualifier from pointer target type [-Wdiscarded-qualifiers]
Core/Src/main.c:377:50: warning: unused parameter 'hspi' [-Wunused-parameter]
