Core/Inc/queue.h: warning: value computed is not used [-Wunused-value]
Core/Inc/queue.h: warning: value computed is not used [-Wunused-value]
Core/Src/ads131m04.c: warning: variable 'temp' set but not used [-Wunused-but-set-variable]
Core/Src/ads131m04_config.c: warning: variable 'value' set but not used [-Wunused-but-set-variable]
Core/Src/cli.c: warning: unused variable 'pin' [-Wunused-variable]
Core/Src/cli.c: warning: unused variable 'reg_prot' [-Wunused-variable]
Core/Src/cli.c: warning: unused variable 'reg_status' [-Wunused-variable]
Core/Src/cli.c: warning: unused variable 'value' [-Wunused-variable]
Core/Src/ctrl_PID_control.c: warning: unused parameter 'data_in_D' [-Wunused-parameter]
Core/Src/ctrl_PID_control.c: warning: unused parameter 'kd' [-Wunused-parameter]
Core/Src/ctrl_main.c: warning: unused variable 'duty' [-Wunused-variable]
Core/Src/ctrl_main.c: warning: unused variable 'duty' [-Wunused-variable]
Core/Src/ctrl_main.c: warning: unused variable 'duty' [-Wunused-variable]
Core/Src/error.c: warning: unused parameter 'code' [-Wunused-parameter]
Core/Src/error.c: warning: unused parameter 'data' [-Wunused-parameter]
Core/Src/error.c: warning: unused parameter 'date' [-Wunused-parameter]
Core/Src/error.c: warning: unused parameter 'time' [-Wunused-parameter]
Core/Src/error.c: warning: unused variable 'e' [-Wunused-variable]
Core/Src/error.c: warning: unused variable 'error' [-Wunused-variable]
Core/Src/i2c.c: warning: unused parameter 'hi2c' [-Wunused-parameter]
Core/Src/i2c.c: warning: unused parameter 'hi2c' [-Wunused-parameter]
Core/Src/i2c.c: warning: unused parameter 'hi2c' [-Wunused-parameter]
Core/Src/i2c.c: warning: unused parameter 'wait' [-Wunused-parameter]
Core/Src/lp581x.c: warning: passing argument 2 of 'i2c_WriteBlocking' discards 'const' qualifier from pointer target type [-Wdiscarded-qualifiers]
Core/Src/main.c: warning: unused parameter 'hspi' [-Wunused-parameter]
